[d29u17ylf1ylz9.cloudfront.net/tasnm-preview/index.html]
[backblue.gif]
[fade.gif]
[index.html]
[d29u17ylf1ylz9.cloudfront.net/tasnm-preview/images/favicon.ico]
[d29u17ylf1ylz9.cloudfront.net/tasnm-preview/css/bootstrap.min.css]
[d29u17ylf1ylz9.cloudfront.net/tasnm-preview/css/animate.css]
[d29u17ylf1ylz9.cloudfront.net/tasnm-preview/css/font-awesome.min.css]
[d29u17ylf1ylz9.cloudfront.net/tasnm-preview/css/style.css]
[d29u17ylf1ylz9.cloudfront.net/tasnm-preview/css/responsive.css]
[d29u17ylf1ylz9.cloudfront.net/tasnm-preview/js/vendor/modernizr-2.8.3.min.js]
[d29u17ylf1ylz9.cloudfront.net/tasnm-preview/images/logo/main.png]
[d29u17ylf1ylz9.cloudfront.net/tasnm-preview/images/others/separation-header.png]
[d29u17ylf1ylz9.cloudfront.net/tasnm-preview/images/home/1.jpg]
[d29u17ylf1ylz9.cloudfront.net/tasnm-preview/tasnm/index.html]
[d29u17ylf1ylz9.cloudfront.net/tasnm-preview/tasnm/index-2.html]
[d29u17ylf1ylz9.cloudfront.net/tasnm-preview/images/home/2.jpg]
[d29u17ylf1ylz9.cloudfront.net/tasnm-preview/images/shop/1.jpg]
[d29u17ylf1ylz9.cloudfront.net/tasnm-preview/tasnm/shop.html]
[d29u17ylf1ylz9.cloudfront.net/tasnm-preview/tasnm/shop-list.html]
[d29u17ylf1ylz9.cloudfront.net/tasnm-preview/images/shop/2.jpg]
[d29u17ylf1ylz9.cloudfront.net/tasnm-preview/images/shop/3.jpg]
[d29u17ylf1ylz9.cloudfront.net/tasnm-preview/tasnm/single-product.html]
[d29u17ylf1ylz9.cloudfront.net/tasnm-preview/images/shop/4.jpg]
[d29u17ylf1ylz9.cloudfront.net/tasnm-preview/tasnm/shopping-cart.html]
[d29u17ylf1ylz9.cloudfront.net/tasnm-preview/tasnm/wishlist.html]
[d29u17ylf1ylz9.cloudfront.net/tasnm-preview/images/shop/5.jpg]
[d29u17ylf1ylz9.cloudfront.net/tasnm-preview/images/shop/6.jpg]
[d29u17ylf1ylz9.cloudfront.net/tasnm-preview/tasnm/checkout.html]
[d29u17ylf1ylz9.cloudfront.net/tasnm-preview/images/blog/1.jpg]
[d29u17ylf1ylz9.cloudfront.net/tasnm-preview/tasnm/blog.html]
[d29u17ylf1ylz9.cloudfront.net/tasnm-preview/images/blog/2.jpg]
[d29u17ylf1ylz9.cloudfront.net/tasnm-preview/tasnm/blog-details.html]
[d29u17ylf1ylz9.cloudfront.net/tasnm-preview/tasnm/about-us.html]
[d29u17ylf1ylz9.cloudfront.net/tasnm-preview/images/others/1.jpg]
[d29u17ylf1ylz9.cloudfront.net/tasnm-preview/tasnm/contact.html]
[d29u17ylf1ylz9.cloudfront.net/tasnm-preview/images/others/2.jpg]
[d29u17ylf1ylz9.cloudfront.net/tasnm-preview/images/others/3.jpg]
[d29u17ylf1ylz9.cloudfront.net/tasnm-preview/tasnm/my-account.html]
[d29u17ylf1ylz9.cloudfront.net/tasnm-preview/js/vendor/jquery-1.12.0.min.js]
[d29u17ylf1ylz9.cloudfront.net/tasnm-preview/js/bootstrap.min.js]
[d29u17ylf1ylz9.cloudfront.net/tasnm-preview/js/wow.min.js]
[d29u17ylf1ylz9.cloudfront.net/tasnm-preview/js/plugins.js]
[d29u17ylf1ylz9.cloudfront.net/tasnm-preview/index.html]
[d29u17ylf1ylz9.cloudfront.net/tasnm-preview/favicon.ico]
[d29u17ylf1ylz9.cloudfront.net/tasnm-preview/css/bootstrap.min.css]
[d29u17ylf1ylz9.cloudfront.net/tasnm-preview/css/animate.css]
[d29u17ylf1ylz9.cloudfront.net/tasnm-preview/js/main.js]
[d29u17ylf1ylz9.cloudfront.net/tasnm-preview/fonts/fontawesome-webfont3295.eot]
[d29u17ylf1ylz9.cloudfront.net/tasnm-preview/fonts/fontawesome-webfontd41d.eot]
[d29u17ylf1ylz9.cloudfront.net/tasnm-preview/fonts/fontawesome-webfont3295.woff2]
[d29u17ylf1ylz9.cloudfront.net/tasnm-preview/fonts/fontawesome-webfont3295.woff]
[d29u17ylf1ylz9.cloudfront.net/tasnm-preview/fonts/fontawesome-webfont3295.ttf]
[d29u17ylf1ylz9.cloudfront.net/tasnm-preview/fonts/fontawesome-webfont3295.svg]
[d29u17ylf1ylz9.cloudfront.net/tasnm-preview/css/font-awesome.min.css]
[d29u17ylf1ylz9.cloudfront.net/tasnm-preview/images/others/1.png]
[d29u17ylf1ylz9.cloudfront.net/tasnm-preview/images/section-bg/footer.jpg]
[d29u17ylf1ylz9.cloudfront.net/tasnm-preview/css/style.css]
[d29u17ylf1ylz9.cloudfront.net/tasnm-preview/css/responsive.css]
[d29u17ylf1ylz9.cloudfront.net/tasnm-preview/tasnm/img/favicon.ico]
[d29u17ylf1ylz9.cloudfront.net/tasnm-preview/tasnm/css/bootstrap.min.css]
[d29u17ylf1ylz9.cloudfront.net/tasnm-preview/tasnm/css/animate.css]
[d29u17ylf1ylz9.cloudfront.net/tasnm-preview/tasnm/css/pe-icon-7-stroke.min.css]
[d29u17ylf1ylz9.cloudfront.net/tasnm-preview/tasnm/css/jquery-ui.min.css]
[d29u17ylf1ylz9.cloudfront.net/tasnm-preview/tasnm/css/meanmenu.min.css]
[d29u17ylf1ylz9.cloudfront.net/tasnm-preview/tasnm/lib/css/nivo-slider.css]
[d29u17ylf1ylz9.cloudfront.net/tasnm-preview/tasnm/lib/css/preview.css]
[d29u17ylf1ylz9.cloudfront.net/tasnm-preview/tasnm/css/owl.carousel.css]
[d29u17ylf1ylz9.cloudfront.net/tasnm-preview/tasnm/css/font-awesome.min.css]
[d29u17ylf1ylz9.cloudfront.net/tasnm-preview/tasnm/style.css]
[d29u17ylf1ylz9.cloudfront.net/tasnm-preview/tasnm/css/responsive.css]
[d29u17ylf1ylz9.cloudfront.net/tasnm-preview/tasnm/js/vendor/modernizr-2.8.3.min.js]
[d29u17ylf1ylz9.cloudfront.net/tasnm-preview/tasnm/login.html]
[d29u17ylf1ylz9.cloudfront.net/tasnm-preview/tasnm/img/logo.png]
[d29u17ylf1ylz9.cloudfront.net/tasnm-preview/tasnm/img/maga-banner.png]
[d29u17ylf1ylz9.cloudfront.net/tasnm-preview/tasnm/img/cart/1.png]
[d29u17ylf1ylz9.cloudfront.net/tasnm-preview/tasnm/img/cart/2.png]
[d29u17ylf1ylz9.cloudfront.net/tasnm-preview/tasnm/img/slider/1.png]
[d29u17ylf1ylz9.cloudfront.net/tasnm-preview/tasnm/img/slider/2.png]
[d29u17ylf1ylz9.cloudfront.net/tasnm-preview/tasnm/img/banner/2.jpg]
[d29u17ylf1ylz9.cloudfront.net/tasnm-preview/tasnm/img/banner/3.jpg]
[d29u17ylf1ylz9.cloudfront.net/tasnm-preview/tasnm/img/banner/r6.png]
[d29u17ylf1ylz9.cloudfront.net/tasnm-preview/tasnm/img/banner/4.jpg]
[d29u17ylf1ylz9.cloudfront.net/tasnm-preview/tasnm/img/banner/5.jpg]
[d29u17ylf1ylz9.cloudfront.net/tasnm-preview/tasnm/img/products/1.jpg]
[d29u17ylf1ylz9.cloudfront.net/tasnm-preview/tasnm/img/products/2.jpg]
[d29u17ylf1ylz9.cloudfront.net/tasnm-preview/tasnm/img/products/3.jpg]
[d29u17ylf1ylz9.cloudfront.net/tasnm-preview/tasnm/img/products/4.jpg]
[d29u17ylf1ylz9.cloudfront.net/tasnm-preview/tasnm/img/products/5.jpg]
[d29u17ylf1ylz9.cloudfront.net/tasnm-preview/tasnm/img/products/6.jpg]
[d29u17ylf1ylz9.cloudfront.net/tasnm-preview/tasnm/img/products/7.jpg]
[d29u17ylf1ylz9.cloudfront.net/tasnm-preview/tasnm/img/products/8.jpg]
[d29u17ylf1ylz9.cloudfront.net/tasnm-preview/tasnm/img/products/9.jpg]
[d29u17ylf1ylz9.cloudfront.net/tasnm-preview/tasnm/img/products/10.jpg]
[d29u17ylf1ylz9.cloudfront.net/tasnm-preview/tasnm/img/products/14.jpg]
[d29u17ylf1ylz9.cloudfront.net/tasnm-preview/tasnm/img/products/12.jpg]
[d29u17ylf1ylz9.cloudfront.net/tasnm-preview/tasnm/img/products/15.jpg]
[d29u17ylf1ylz9.cloudfront.net/tasnm-preview/tasnm/img/products/11.jpg]
[d29u17ylf1ylz9.cloudfront.net/tasnm-preview/tasnm/img/products/13.jpg]
[d29u17ylf1ylz9.cloudfront.net/tasnm-preview/tasnm/img/testimonial/1.png]
[d29u17ylf1ylz9.cloudfront.net/tasnm-preview/tasnm/img/testimonial/2.png]
[d29u17ylf1ylz9.cloudfront.net/tasnm-preview/tasnm/img/testimonial/3.png]
[d29u17ylf1ylz9.cloudfront.net/tasnm-preview/tasnm/img/blog/111.jpg]
[d29u17ylf1ylz9.cloudfront.net/tasnm-preview/tasnm/img/blog/222.jpg]
[d29u17ylf1ylz9.cloudfront.net/tasnm-preview/tasnm/img/blog/333.jpg]
[d29u17ylf1ylz9.cloudfront.net/tasnm-preview/tasnm/img/quick-view/10.jpg]
[d29u17ylf1ylz9.cloudfront.net/tasnm-preview/tasnm/img/brand/1.png]
[d29u17ylf1ylz9.cloudfront.net/tasnm-preview/tasnm/img/brand/2.png]
[d29u17ylf1ylz9.cloudfront.net/tasnm-preview/tasnm/img/brand/3.png]
[d29u17ylf1ylz9.cloudfront.net/tasnm-preview/tasnm/img/brand/4.png]
[d29u17ylf1ylz9.cloudfront.net/tasnm-preview/tasnm/img/brand/5.png]
[d29u17ylf1ylz9.cloudfront.net/tasnm-preview/tasnm/img/brand/6.png]
[d29u17ylf1ylz9.cloudfront.net/tasnm-preview/tasnm/js/vendor/jquery-1.12.0.min.js]
[d29u17ylf1ylz9.cloudfront.net/tasnm-preview/tasnm/js/bootstrap.min.js]
[d29u17ylf1ylz9.cloudfront.net/tasnm-preview/tasnm/js/parallax.min.js]
[d29u17ylf1ylz9.cloudfront.net/tasnm-preview/tasnm/js/owl.carousel.min.js]
[d29u17ylf1ylz9.cloudfront.net/tasnm-preview/tasnm/js/img-zoom/jquery.simpleLens.min.js]
[d29u17ylf1ylz9.cloudfront.net/tasnm-preview/tasnm/js/jquery.meanmenu.js]
[d29u17ylf1ylz9.cloudfront.net/tasnm-preview/tasnm/js/jquery.countdown.min.js]
[d29u17ylf1ylz9.cloudfront.net/tasnm-preview/tasnm/lib/js/jquery.nivo.slider.js]
[d29u17ylf1ylz9.cloudfront.net/tasnm-preview/tasnm/lib/home.js]
[d29u17ylf1ylz9.cloudfront.net/tasnm-preview/tasnm/js/jquery-ui.min.js]
[d29u17ylf1ylz9.cloudfront.net/tasnm-preview/tasnm/js/sticky.js]
[d29u17ylf1ylz9.cloudfront.net/tasnm-preview/tasnm/js/plugins.js]
[d29u17ylf1ylz9.cloudfront.net/tasnm-preview/tasnm/index.html]
[d29u17ylf1ylz9.cloudfront.net/tasnm-preview/tasnm/index-2.html]
[d29u17ylf1ylz9.cloudfront.net/tasnm-preview/tasnm/js/main.js]
[d29u17ylf1ylz9.cloudfront.net/tasnm-preview/tasnm/img/logo2.png]
[d29u17ylf1ylz9.cloudfront.net/tasnm-preview/tasnm/shop.html]
[d29u17ylf1ylz9.cloudfront.net/tasnm-preview/tasnm/img/products/p1.jpg]
[d29u17ylf1ylz9.cloudfront.net/tasnm-preview/tasnm/img/products/a1.jpg]
[d29u17ylf1ylz9.cloudfront.net/tasnm-preview/tasnm/shop-list.html]
[d29u17ylf1ylz9.cloudfront.net/tasnm-preview/tasnm/img/icon-img/stars-1.png]
[d29u17ylf1ylz9.cloudfront.net/tasnm-preview/tasnm/img/icon-img/screenshot_2.png]
[d29u17ylf1ylz9.cloudfront.net/tasnm-preview/tasnm/single-product.html]
[d29u17ylf1ylz9.cloudfront.net/tasnm-preview/tasnm/img/icon-img/facebook.png]
[d29u17ylf1ylz9.cloudfront.net/tasnm-preview/tasnm/img/icon-img/twitter.png]
[d29u17ylf1ylz9.cloudfront.net/tasnm-preview/tasnm/img/icon-img/pinterest.jpg]
[d29u17ylf1ylz9.cloudfront.net/tasnm-preview/tasnm/img/icon-img/googleplus.jpg]
[d29u17ylf1ylz9.cloudfront.net/tasnm-preview/tasnm/img/icon-img/email.jpg]
[d29u17ylf1ylz9.cloudfront.net/tasnm-preview/tasnm/wishlist.html]
[d29u17ylf1ylz9.cloudfront.net/tasnm-preview/tasnm/shopping-cart.html]
[d29u17ylf1ylz9.cloudfront.net/tasnm-preview/tasnm/img/icon-img/44.png]
[d29u17ylf1ylz9.cloudfront.net/tasnm-preview/tasnm/img/products/c15.jpg]
[d29u17ylf1ylz9.cloudfront.net/tasnm-preview/tasnm/checkout.html]
[d29u17ylf1ylz9.cloudfront.net/tasnm-preview/tasnm/img/banner/12.jpg]
[d29u17ylf1ylz9.cloudfront.net/tasnm-preview/tasnm/img/banner/13.jpg]
[d29u17ylf1ylz9.cloudfront.net/tasnm-preview/tasnm/img/banner/14.jpg]
[d29u17ylf1ylz9.cloudfront.net/tasnm-preview/tasnm/img/banner/s1.jpg]
[d29u17ylf1ylz9.cloudfront.net/tasnm-preview/tasnm/img/banner/s2.jpg]
[d29u17ylf1ylz9.cloudfront.net/tasnm-preview/tasnm/img/banner/s3.jpg]
[d29u17ylf1ylz9.cloudfront.net/tasnm-preview/tasnm/blog.html]
[d29u17ylf1ylz9.cloudfront.net/tasnm-preview/tasnm/blog-details.html]
[d29u17ylf1ylz9.cloudfront.net/tasnm-preview/tasnm/img/about/team30.jpg]
[d29u17ylf1ylz9.cloudfront.net/tasnm-preview/tasnm/img/about/testi1.jpg]
[d29u17ylf1ylz9.cloudfront.net/tasnm-preview/tasnm/img/about/testi2.jpg]
[d29u17ylf1ylz9.cloudfront.net/tasnm-preview/tasnm/img/about/testi3.jpg]
[d29u17ylf1ylz9.cloudfront.net/tasnm-preview/tasnm/img/about/testi4.jpg]
[d29u17ylf1ylz9.cloudfront.net/tasnm-preview/tasnm/img/about/member1.jpg]
[d29u17ylf1ylz9.cloudfront.net/tasnm-preview/tasnm/img/about/member2.jpg]
[d29u17ylf1ylz9.cloudfront.net/tasnm-preview/tasnm/img/about/member3.jpg]
[d29u17ylf1ylz9.cloudfront.net/tasnm-preview/tasnm/img/about/member4.jpg]
[d29u17ylf1ylz9.cloudfront.net/tasnm-preview/tasnm/about-us.html]
[d29u17ylf1ylz9.cloudfront.net/tasnm-preview/tasnm/contact.html]
[d29u17ylf1ylz9.cloudfront.net/tasnm-preview/tasnm/my-account.html]
[d29u17ylf1ylz9.cloudfront.net/tasnm-preview/images/others/2.png]
[d29u17ylf1ylz9.cloudfront.net/tasnm-preview/tasnm/css/bootstrap.min.css]
[d29u17ylf1ylz9.cloudfront.net/tasnm-preview/tasnm/css/animate.css]
[d29u17ylf1ylz9.cloudfront.net/tasnm-preview/tasnm/fonts/Pe-icon-7-strokebb1d.woff]
[d29u17ylf1ylz9.cloudfront.net/tasnm-preview/tasnm/css/pe-icon-7-stroke.min.css]
[d29u17ylf1ylz9.cloudfront.net/tasnm-preview/tasnm/css/images/ui-bg_inset-hard_100_fcfdfd_1x100.png]
[d29u17ylf1ylz9.cloudfront.net/tasnm-preview/tasnm/css/images/ui-bg_gloss-wave_55_5c9ccc_500x100.png]
[d29u17ylf1ylz9.cloudfront.net/tasnm-preview/tasnm/css/images/ui-bg_glass_85_dfeffc_1x400.png]
[d29u17ylf1ylz9.cloudfront.net/tasnm-preview/tasnm/css/images/ui-bg_glass_75_d0e5f5_1x400.png]
[d29u17ylf1ylz9.cloudfront.net/tasnm-preview/tasnm/css/images/ui-bg_inset-hard_100_f5f8f9_1x100.png]
[d29u17ylf1ylz9.cloudfront.net/tasnm-preview/tasnm/css/images/ui-bg_glass_95_fef1ec_1x400.png]
[d29u17ylf1ylz9.cloudfront.net/tasnm-preview/tasnm/css/images/ui-icons_469bdd_256x240.png]
[d29u17ylf1ylz9.cloudfront.net/tasnm-preview/tasnm/css/images/ui-icons_d8e7f3_256x240.png]
[d29u17ylf1ylz9.cloudfront.net/tasnm-preview/tasnm/css/images/ui-icons_6da8d5_256x240.png]
[d29u17ylf1ylz9.cloudfront.net/tasnm-preview/tasnm/css/images/ui-icons_217bc0_256x240.png]
[d29u17ylf1ylz9.cloudfront.net/tasnm-preview/tasnm/css/images/ui-icons_f9bd01_256x240.png]
[d29u17ylf1ylz9.cloudfront.net/tasnm-preview/tasnm/css/images/ui-icons_2e83ff_256x240.png]
[d29u17ylf1ylz9.cloudfront.net/tasnm-preview/tasnm/css/images/ui-icons_cd0a0a_256x240.png]
[d29u17ylf1ylz9.cloudfront.net/tasnm-preview/tasnm/css/jquery-ui.min.css]
[d29u17ylf1ylz9.cloudfront.net/tasnm-preview/tasnm/css/img-zoom/jquery.simpleLens.css]
[d29u17ylf1ylz9.cloudfront.net/tasnm-preview/tasnm/css/meanmenu.min.css]
[d29u17ylf1ylz9.cloudfront.net/tasnm-preview/tasnm/lib/css/nivo-slider.css]
[d29u17ylf1ylz9.cloudfront.net/tasnm-preview/tasnm/lib/img/loading.gif]
[d29u17ylf1ylz9.cloudfront.net/tasnm-preview/tasnm/lib/img/bullets.png]
[d29u17ylf1ylz9.cloudfront.net/tasnm-preview/tasnm/lib/img/arrows.png]
[d29u17ylf1ylz9.cloudfront.net/tasnm-preview/tasnm/lib/css/preview.css]
[d29u17ylf1ylz9.cloudfront.net/tasnm-preview/tasnm/css/owl.carousel.css]
[d29u17ylf1ylz9.cloudfront.net/tasnm-preview/tasnm/fonts/fontawesome-webfont3295.eot]
[d29u17ylf1ylz9.cloudfront.net/tasnm-preview/tasnm/fonts/fontawesome-webfontd41d.eot]
[d29u17ylf1ylz9.cloudfront.net/tasnm-preview/tasnm/fonts/fontawesome-webfont3295.woff2]
[d29u17ylf1ylz9.cloudfront.net/tasnm-preview/tasnm/fonts/fontawesome-webfont3295.woff]
[d29u17ylf1ylz9.cloudfront.net/tasnm-preview/tasnm/fonts/fontawesome-webfont3295.ttf]
[d29u17ylf1ylz9.cloudfront.net/tasnm-preview/tasnm/fonts/fontawesome-webfont3295.svg]
[d29u17ylf1ylz9.cloudfront.net/tasnm-preview/tasnm/css/font-awesome.min.css]
[d29u17ylf1ylz9.cloudfront.net/tasnm-preview/tasnm/img/testimonial/1.jpg]
[d29u17ylf1ylz9.cloudfront.net/tasnm-preview/tasnm/img/bg-banner/bg-pagetitle.jpg]
[d29u17ylf1ylz9.cloudfront.net/tasnm-preview/tasnm/style.css]
[d29u17ylf1ylz9.cloudfront.net/tasnm-preview/tasnm/css/responsive.css]
[d29u17ylf1ylz9.cloudfront.net/tasnm-preview/tasnm/cart.html]
[d29u17ylf1ylz9.cloudfront.net/tasnm-preview/tasnm/login.html]
[d29u17ylf1ylz9.cloudfront.net/tasnm-preview/tasnm/order-complete]
[d29u17ylf1ylz9.cloudfront.net/tasnm-preview/tasnm/fonts/Pe-icon-7-strokebb1d.eot]
[d29u17ylf1ylz9.cloudfront.net/tasnm-preview/tasnm/fonts/Pe-icon-7-stroked41d.eot]
[d29u17ylf1ylz9.cloudfront.net/tasnm-preview/tasnm/fonts/Pe-icon-7-strokebb1d.ttf]
[d29u17ylf1ylz9.cloudfront.net/tasnm-preview/tasnm/fonts/Pe-icon-7-strokebb1d.svg]
[d29u17ylf1ylz9.cloudfront.net/tasnm-preview/tasnm/css/AjaxLoader.gif]
